// Jest Snapshot v1, https://goo.gl/fbAQLP

exports[`Pruebas en el <CounterApp /> Debe hacer match con el snapshot 1`] = `
<div>
  <main>
    <h1>
      Counter App
    </h1>
    <h2>
      100
    </h2>
    <button
      class="btn-1"
    >
      +1
    </button>
    <button
      class="btn-2"
    >
      -1
    </button>
    <button
      aria-label="reset"
      class="btn-3"
    >
      Reset
    </button>
  </main>
</div>
`;
